# order:
7
# rate:
7
# length of the slowest percolation: 14
# size of initial infected set: 32
# nrOfTests: 1000000
6 (0,6,1)
30 (4,2,1)
34 (4,6,1)
37 (5,2,1)
23 (3,2,1)
17 (2,3,1)
14 (2,0,1)
33 (4,5,1)
24 (3,3,1)
8 (1,1,1)
55 (6,1,0)
9 (1,2,1)
47 (6,5,1)
12 (1,5,1)
41 (5,6,1)
46 (6,4,1)
1 (0,1,1)
48 (6,6,1)
25 (3,4,1)
38 (5,3,1)
7 (1,0,1)
51 (2,1,0)
28 (4,0,1)
52 (3,1,0)
5 (0,5,1)
2 (0,2,1)
49 (0,1,0)
3 (0,3,1)
21 (3,0,1)
13 (1,6,1)
10 (1,3,1)
45 (6,3,1)
